// Vitest Snapshot v1, https://vitest.dev/guide/snapshot.html

exports[`AppFooter: > should render correctly 1`] = `
<DocumentFragment>
  <footer
    class="container pointer-events-none absolute bottom-3 left-1/2 z-20 flex -translate-x-1/2 items-center justify-around"
  >
    <button
      class="group pointer-events-auto rounded-full bg-neon-green-dark outline-offset-4 ~size-8/12"
      type="button"
    >
      <span
        class="flex size-full -translate-y-1 items-center justify-center rounded-full bg-black/80 transition-transform duration-200 will-change-transform group-hover:-translate-y-2 group-active:-translate-y-[2px] [&>svg]:fill-neon-green-dark [&>svg]:stroke-neon-green-dark"
      >
        <svg
          aria-label="Play"
          fill="none"
          height="1em"
          stroke="currentColor"
          stroke-linecap="round"
          stroke-linejoin="round"
          stroke-width="2"
          viewBox="0 0 24 24"
          width="1em"
          xmlns="http://www.w3.org/2000/svg"
        >
          <polygon
            points="5 3 19 12 5 21 5 3"
          />
        </svg>
      </span>
    </button>
    <div
      class="inline select-none text-center"
    >
      <img
        alt="Spain"
        class="inline w-auto contrast-125 ~h-8/12"
        data-nimg="1"
        decoding="async"
        height="1"
        loading="lazy"
        src="/_next/image?url=%2Fpublic%2Fimages%2FSpain.png&w=16&q=75"
        srcset="/_next/image?url=%2Fpublic%2Fimages%2FSpain.png&w=16&q=75 1x"
        style="color: transparent;"
        width="1"
      />
       
      <input
        class="pointer-events-auto invisible relative cursor-pointer align-middle font-bold text-neon-green-dark outline-none ~w-16/24 before:visible before:absolute before:top-1/2 before:w-full before:-translate-y-1/2 before:rounded-full before:border before:border-neon-green-light before:bg-transparent before:shadow-md before:shadow-neon-green-light before:backdrop-blur-sm before:content-[''] before:~h-8/12 after:visible after:absolute after:top-1/2 after:box-border after:flex after:-translate-y-1/2 after:items-center after:justify-center after:rounded-full after:border after:border-neon-green-light after:bg-black/80 after:content-['ES'] after:~size-8/12 default:after:left-0 checked:after:right-0 checked:after:content-['EN']"
        type="checkbox"
      />
       
      <img
        alt="United Kingdom"
        class="inline w-auto contrast-125 ~h-8/12"
        data-nimg="1"
        decoding="async"
        height="1"
        loading="lazy"
        src="/_next/image?url=%2Fpublic%2Fimages%2FUnitedKingdom.png&w=16&q=75"
        srcset="/_next/image?url=%2Fpublic%2Fimages%2FUnitedKingdom.png&w=16&q=75 1x"
        style="color: transparent;"
        width="1"
      />
    </div>
  </footer>
</DocumentFragment>
`;
